// Jest Snapshot v1, https://goo.gl/fbAQLP

exports[`Button 이전 스냅샷과 일치한다. 1`] = `
.emotion-0 {
  padding: 1rem 1.5rem;
  font-size: 18px;
}

<div>
  <button
    class="emotion-0"
  />
</div>
`;
