// Jest Snapshot v1, https://goo.gl/fbAQLP

exports[`버튼 이전 스냅샷과 일치한다. 1`] = `
.emotion-0 {
  padding: 1rem 1.5rem;
  border-radius: 10px;
  border: 0;
  background: #000;
  color: #fff;
  font-size: 1.2rem;
  cursor: pointer;
}

<div>
  <button
    class="emotion-0"
  />
</div>
`;
